pt.tyranny-guild.com 185.191.171.45 - - [01/Sep/2021:00:00:06 +0000] "GET /forum/index.php?app=core&controller=theme&csrfKey=a05a1f66d6c7ad524a68aa627de4def3&module=system HTTP/1.1" 403 8551 "-" "Mozilla/5.0 (compatible; SemrushBot/7~bl; +http://www.semrush.com/bot.html)" "-"
tyranny-guild.com 185.191.171.3 - - [01/Sep/2021:00:00:16 +0000] "GET /forum/index.php?app=core&controller=theme&csrfKey=8e08989b1623c41989121a8bbbc5bb35&module=system HTTP/1.1" 403 8555 "-" "Mozilla/5.0 (compatible; SemrushBot/7~bl; +http://www.semrush.com/bot.html)" "-"
tyranny-guild.com 185.191.171.40 - - [01/Sep/2021:00:00:26 +0000] "GET /forum/index.php?app=core&controller=theme&csrfKey=e803fb5df0be5c9e91f119f7ddc7408f&module=system HTTP/1.1" 403 8556 "-" "Mozilla/5.0 (compatible; SemrushBot/7~bl; +http://www.semrush.com/bot.html)" "-"
tyranny-guild.com 185.191.171.19 - - [01/Sep/2021:00:00:37 +0000] "GET /forum/index.php?app=core&controller=theme&csrfKey=956165d483b83b22fc8fa0310aa39d77&module=system HTTP/1.1" 403 8555 "-" "Mozilla/5.0 (compatible; SemrushBot/7~bl; +http://www.semrush.com/bot.html)" "-"
tyranny-guild.com 185.191.171.36 - - [01/Sep/2021:00:00:47 +0000] "GET /forum/index.php?app=core&controller=theme&csrfKey=60c1af9e77c79687ca05d6d01f310a7b&module=system HTTP/1.1" 403 8558 "-" "Mozilla/5.0 (compatible; SemrushBot/7~bl; +http://www.semrush.com/bot.html)" "-"
oink.com 185.191.171.17 - - [01/Sep/2021:00:00:57 +0000] "GET /forum/index.php?app=core&controller=theme&csrfKey=12f22ebf1096425884671cf6bb5e6fe3&module=system HTTP/1.1" 403 8555 "-" "Mozilla/5.0 (compatible; SemrushBot/7~bl; +http://www.semrush.com/bot.html)" "-"
tyranny-guild.com 185.191.171.9 - - [01/Sep/2021:00:01:08 +0000] "GET /forum/index.php?app=core&controller=theme&csrfKey=f7f34b3d5109caafd52e8ccae77c8ddc&module=system HTTP/1.1" 403 8556 "-" "Mozilla/5.0 (compatible; SemrushBot/7~bl; +http://www.semrush.com/bot.html)" "-"
tyranny-guild.com 185.191.171.19 - - [01/Sep/2021:00:01:18 +0000] "GET /forum/index.php?app=core&controller=theme&csrfKey=a1cd036ac9ded2178b18ea2a0055e5f1&module=system HTTP/1.1" 403 8556 "-" "Mozilla/5.0 (compatible; SemrushBot/7~bl; +http://www.semrush.com/bot.html)" "-"
moo.com 185.191.171.16 - - [01/Sep/2021:00:01:31 +0000] "GET /forum/index.php?app=core&controller=theme&csrfKey=254bada15018055ec55571c378bf4584&module=system HTTP/1.1" 403 8557 "-" "Mozilla/5.0 (compatible; SemrushBot/7~bl; +http://www.semrush.com/bot.html)" "-"
moo.com 185.191.171.4 - - [01/Sep/2021:00:01:41 +0000] "GET /forum/index.php?app=core&change_section=1&controller=profile&do=reputation&id=7541&module=members&type=calendar_event HTTP/1.1" 200 11210 "-" "Mozilla/5.0 (compatible; SemrushBot/7~bl; +http://www.semrush.com/bot.html)" "-"
